// Jest Snapshot v1, https://goo.gl/fbAQLP

exports[`ProductCard unit tests should render correctly 1`] = `
<View
  accessible={true}
  collapsable={false}
  focusable={true}
  onClick={[Function]}
  onResponderGrant={[Function]}
  onResponderMove={[Function]}
  onResponderRelease={[Function]}
  onResponderTerminate={[Function]}
  onResponderTerminationRequest={[Function]}
  onStartShouldSetResponder={[Function]}
  style={
    {
      "alignItems": "center",
      "backgroundColor": "#FBFBFB",
      "borderColor": "#E1E1E1",
      "borderRadius": 10,
      "borderWidth": 1,
      "flex": 1,
      "marginVertical": 16,
      "maxWidth": 337.5,
      "opacity": 1,
    }
  }
  testID="test_productcard_touchable"
>
  <View
    style={
      {
        "padding": 8,
      }
    }
  >
    <Image
      resizeMode="contain"
      source={
        {
          "uri": "https://cdn.tmobile.com/content/dam/t-mobile/en-p/cell-phones/apple/Apple-iPhone-14-Pro/Deep-Purple/Apple-iPhone-14-Pro-Deep-Purple-thumbnail.png",
        }
      }
      style={
        {
          "height": 185,
          "maxWidth": 300,
          "padding": 8,
          "width": 155,
        }
      }
    />
  </View>
  <View
    style={
      {
        "alignItems": "center",
        "padding": 8,
      }
    }
  >
    <Text
      style={
        {
          "fontFamily": "Lato-Regular",
          "fontSize": 15,
        }
      }
    >
      iPhone 14 Pro
    </Text>
    <Text
      style={
        {
          "color": "#BDBDBD",
          "fontFamily": "Lato-Bold",
          "fontSize": 15,
        }
      }
    >
      Apple
    </Text>
    <Text
      style={
        {
          "fontFamily": "Lato-Bold",
          "fontSize": 15,
          "marginTop": 4,
        }
      }
    >
      400
       TL
    </Text>
  </View>
</View>
`;
